// Jest Snapshot v1, https://goo.gl/fbAQLP

exports[`AllApiOrders component render should render AllApiOrders component 1`] = `ShallowWrapper {}`;
